
> starter_helpi@0.1.0 test
> react-scripts test --coverage

FAIL src/App.test.tsx
  ✕ renders learn react link (46 ms)

  ● renders learn react link

    TestingLibraryElementError: Unable to find an element with the text: /learn react/i. This could be because the text is broken up by multiple elements. In this case, you can provide a function for your text matcher to make your matcher more flexible.

    Ignored nodes: comments, script, style
    [36m<body>[39m
      [36m<div>[39m
        [36m<div[39m
          [33mclass[39m=[32m"App"[39m
        [36m>[39m
          [36m<div>[39m
            [36m<p>[39m
              [0mLiam Roth[0m
            [36m</p>[39m
            [36m<p>[39m
              [0mBen Bank[0m
            [36m</p>[39m
            [36m<p>[39m
              [0mXander Clawson[0m
            [36m</p>[39m
          [36m</div>[39m
          [36m<div>[39m
            [36m<a[39m
              [33mhref[39m=[32m"https://liamr-cs.github.io/career_helpi/"[39m
              [33mstyle[39m=[32m"position: absolute; top: 0px; left: 0px; border: 2px solid gray; padding: 8px; text-decoration: none; color: black; font-size: 18px;"[39m
            [36m>[39m
              [0mHomepage[0m
            [36m</a>[39m
          [36m</div>[39m
          [36m<div>[39m
            [36m<h2>[39m
              [0mBasic Quiz Instructions:[0m
            [36m</h2>[39m
            [36m<div[39m
              [33mclass[39m=[32m"basic-questions-description"[39m
            [36m>[39m
              [36m<p>[39m
                [0m-Answer these questions as accurately as possible while ensuring not to skip any.[0m
              [36m</p>[39m
              [36m<p>[39m
                [0m-The basic career assessment consists of a mix of yes-and-no and multiple choice questions that you will answer.[0m
              [36m</p>[39m
              [36m<p>[39m
                [0m-The answers provided will be used to calculate a suitable work environment for the tester and provide a list of jobs that do well in that environment.[0m
              [36m</p>[39m
              [36m<p>[39m
                [0mAccess the basic career assessment with the button below![0m
              [36m</p>[39m
            [36m</div>[39m
          [36m</div>[39m
          [36m<h1>[39m
            [0mTAKE THE BASIC QUIZ HERE:[0m
          [36m</h1>[39m
          [36m<button>[39m
            [36m<h3>[39m
              [0mBasic Quiz[0m
            [36m</h3>[39m
          [36m</button>[39m
          [36m<button>[39m
            [0mStart/Stop Basic Quiz Timer[0m
          [36m</button>[39m
          [36m<div>[39m
            [36m<h2>[39m
              [0mDetailed Quiz Instructions:[0m
            [36m</h2>[39m
            [36m<div[39m
              [33mclass[39m=[32m"basic-questions-description"[39m
            [36m>[39m
              [36m<p>[39m
                [0m-The detailed career assessment consists of a mix of rating, level-of-agreement, and yes-and-no questions that you will answer.[0m
              [36m</p>[39m
              [36m<p>[39m
                [0m-Answer these questions as accurately as possible while ensuring not to skip any. You are not required to go in a specific order when answering.[0m
              [36m</p>[39m
              [36m<p>[39m
                [0m-The answers provided will be used to calculate a suitable work environment for the tester and provide a list of jobs that do well in that environment.[0m
              [36m</p>[39m
            [36m</div>[39m
          [36m</div>[39m
          [36m<h1>[39m
            [0mTAKE THE DETAILED QUIZ HERE:[0m
          [36m</h1>[39m
          [36m<button>[39m
            [36m<h3>[39m
              [0mDetailed Quiz[0m
            [36m</h3>[39m
          [36m</button>[39m
          [36m<button>[39m
            [0mStart/Stop Detailed Quiz Timer[0m
          [36m</button>[39m
          [36m<form[39m
            [33mclass[39m=[32m""[39m
          [36m>[39m
            [36m<label[39m
              [33mclass[39m=[32m"form-label"[39m
            [36m>[39m
              [0mAPI Key:[0m
            [36m</label>[39m
            [36m<input[39m
              [33mclass[39m=[32m"form-control"[39m
              [33mplaceholder[39m=[32m"Insert API Key Here"[39m
              [33mtype[39m=[32m"password"[39m
            [36m/>[39m
            [36m<br />[39m
            [36m<button[39m
              [33mclass[39m=[32m"Submit-Button btn btn-primary"[39m
              [33mtype[39m=[32m"button"[39m
            [36m>[39m
              [0mSubmit[0m
            [36m</button>[39m
          [36m</form>[39m
        [36m</div>[39m
      [36m</div>[39m
    [36m</body>[39m

    [0m [90m  5 |[39m test([32m'renders learn react link'[39m[33m,[39m () [33m=>[39m {
     [90m  6 |[39m   render([33m<[39m[33mApp[39m [33m/[39m[33m>[39m)[33m;[39m
    [31m[1m>[22m[39m[90m  7 |[39m   [36mconst[39m linkElement [33m=[39m screen[33m.[39mgetByText([35m/learn react/i[39m)[33m;[39m
     [90m    |[39m                              [31m[1m^[22m[39m
     [90m  8 |[39m   expect(linkElement)[33m.[39mtoBeInTheDocument()[33m;[39m
     [90m  9 |[39m })[33m;[39m
     [90m 10 |[39m[0m

      at Object.getElementError (node_modules/@testing-library/react/node_modules/@testing-library/dom/dist/config.js:37:19)
      at node_modules/@testing-library/react/node_modules/@testing-library/dom/dist/query-helpers.js:76:38
      at node_modules/@testing-library/react/node_modules/@testing-library/dom/dist/query-helpers.js:52:17
      at getByText (node_modules/@testing-library/react/node_modules/@testing-library/dom/dist/query-helpers.js:95:19)
      at Object.<anonymous> (src/App.test.tsx:7:30)
      at TestScheduler.scheduleTests (node_modules/@jest/core/build/TestScheduler.js:333:13)
      at runJest (node_modules/@jest/core/build/runJest.js:404:19)
      at _run10000 (node_modules/@jest/core/build/cli/index.js:320:7)
      at runCLI (node_modules/@jest/core/build/cli/index.js:173:3)

-----------------------|---------|----------|---------|---------|----------------------
File                   | % Stmts | % Branch | % Funcs | % Lines | Uncovered Line #s    
-----------------------|---------|----------|---------|---------|----------------------
All files              |   23.18 |    21.42 |   10.34 |   23.88 |                      
 App.tsx               |      60 |       50 |   14.28 |      60 | 16,24-30,36,42,75-83 
 BaseAsk.tsx           |     100 |      100 |     100 |     100 |                      
 BasicQuestions.tsx    |    5.55 |        0 |       0 |    5.88 | 9-40                 
 DetailAsk.tsx         |     100 |      100 |     100 |     100 |                      
 DetailedQuestions.tsx |    5.55 |        0 |       0 |    5.88 | 9-40                 
 Timer.tsx             |       0 |        0 |       0 |       0 |                      
 index.tsx             |       0 |      100 |     100 |       0 | 7-19                 
 reportWebVitals.ts    |       0 |        0 |       0 |       0 | 3-10                 
-----------------------|---------|----------|---------|---------|----------------------
Test Suites: 1 failed, 1 total
Tests:       1 failed, 1 total
Snapshots:   0 total
Time:        2.889 s
Ran all test suites.
[0;33mOne of your dependencies, babel-preset-react-app, is importing the
"@babel/plugin-proposal-private-property-in-object" package without
declaring it in its dependencies. This is currently working because
"@babel/plugin-proposal-private-property-in-object" is already in your
node_modules folder for unrelated reasons, but it [1mmay break at any time[0;33m.

babel-preset-react-app is part of the create-react-app project, [1mwhich
is not maintianed anymore[0;33m. It is thus unlikely that this bug will
ever be fixed. Add "@babel/plugin-proposal-private-property-in-object" to
your devDependencies to work around this error. This will make this message
go away.[0m
  
